current directory: /Users/parvulesco/Documents/R/ecoclassical.github.io/vendor/bundle/ruby/3.1.0/gems/json-2.15.1/ext/json/ext/parser
/Users/parvulesco/.rbenv/versions/3.1.4/bin/ruby -I /Users/parvulesco/.rbenv/versions/3.1.4/lib/ruby/3.1.0 extconf.rb
checking for rb_enc_interned_str() in ruby/encoding.h... yes
checking for rb_hash_new_capa() in ruby.h... no
checking for rb_hash_bulk_insert() in ruby.h... yes
checking for strnlen() in string.h... yes
checking for whether -std=c99 is accepted as CFLAGS... yes
checking for arm_neon.h... yes
checking for cpuid.h... no
creating Makefile

current directory: /Users/parvulesco/Documents/R/ecoclassical.github.io/vendor/bundle/ruby/3.1.0/gems/json-2.15.1/ext/json/ext/parser
make DESTDIR\= sitearchdir\=./.gem.20251015-15754-hqhvdj sitelibdir\=./.gem.20251015-15754-hqhvdj clean

current directory: /Users/parvulesco/Documents/R/ecoclassical.github.io/vendor/bundle/ruby/3.1.0/gems/json-2.15.1/ext/json/ext/parser
make DESTDIR\= sitearchdir\=./.gem.20251015-15754-hqhvdj sitelibdir\=./.gem.20251015-15754-hqhvdj
compiling parser.c
linking shared-object json/ext/parser.bundle
ld: warning: ignoring duplicate libraries: '-lruby.3.1'

current directory: /Users/parvulesco/Documents/R/ecoclassical.github.io/vendor/bundle/ruby/3.1.0/gems/json-2.15.1/ext/json/ext/parser
make DESTDIR\= sitearchdir\=./.gem.20251015-15754-hqhvdj sitelibdir\=./.gem.20251015-15754-hqhvdj install
/usr/bin/install -c -m 0755 parser.bundle ./.gem.20251015-15754-hqhvdj/json/ext
